// Jest Snapshot v1, https://goo.gl/fbAQLP

exports[`Delete Therapist page renders correctly 1`] = `
<main
  className="delete_page_main"
>
  <section
    className="delete_page_nav"
  >
    <main>
      <section
        className="home_nav_section"
      >
        <header
          className="home_logo"
        >
          <figure>
            <a
              className="td_none"
              href="/homepage"
              onClick={[Function]}
            >
              <img
                alt=""
                src="logo.png"
              />
            </a>
          </figure>
        </header>
        <nav
          className="list_style_none home_nav"
        >
          <li>
             
            <a
              activeClassName="active"
              className="td_none"
              href="/homepage"
              onClick={[Function]}
            >
              HOME
            </a>
          </li>
          <li>
             
            <a
              activeClassName="active"
              className="td_none"
              href="/appointments"
              onClick={[Function]}
            >
              APPOINTMENTS
            </a>
          </li>
          <li>
             
            <a
              activeClassName="active"
              className="td_none"
              href="/book"
              onClick={[Function]}
            >
              NEW APPOINTMENT
            </a>
          </li>
          <li>
            <button
              className="logout_btn"
              onClick={[Function]}
              type="button"
            >
              LOGOUT
            </button>
          </li>
        </nav>
        <footer
          className="home_nav_footer"
        >
          <figure
            className="nav_social_icons"
          >
            <a
              className="td_none"
              href="/"
              onClick={[Function]}
            >
              <img
                alt=""
                src="facebook.png"
              />
            </a>
          </figure>
          <figure
            className="nav_social_icons"
          >
            <a
              className="td_none"
              href="/"
              onClick={[Function]}
            >
              <img
                alt=""
                src="twitter.png"
              />
            </a>
          </figure>
          <figure
            className="nav_social_icons"
          >
            <a
              className="td_none"
              href="/"
              onClick={[Function]}
            >
              <img
                alt=""
                src="linkedin.png"
              />
            </a>
          </figure>
          <figure
            className="nav_social_icons"
          >
            <a
              className="td_none"
              href="/"
              onClick={[Function]}
            >
              <img
                alt=""
                src="instagram.png"
              />
            </a>
          </figure>
          <figure
            className="nav_social_icons"
          >
            <a
              className="td_none"
              href="/"
              onClick={[Function]}
            >
              <img
                alt=""
                src="snapchat.png"
              />
            </a>
          </figure>
        </footer>
      </section>
      <section
        className="home_nav_section_mobile"
      >
        <header
          className="home_logo margin_left1"
        >
          <button
            aria-label="button"
            onClick={[Function]}
            type="button"
          >
            <img
              alt=""
              src="menu.png"
            />
          </button>
        </header>
      </section>
    </main>
  </section>
  <section
    className="delete_page_content"
  >
    <header>
      <h1>
        Starred Therapists
      </h1>
      <p
        className="hide1"
      >
        Please select a therapist
      </p>
      <div
        className="search_box"
      >
        <fieldset
          className="fieldset_border_none"
        >
          <input
            aria-label="Input Name"
            className="input_name"
            onChange={[Function]}
            placeholder="Search by name"
            required={true}
            type="text"
            value=""
          />
        </fieldset>
      </div>
    </header>
    <div>
      <div
        className="home_grids"
      />
    </div>
  </section>
</main>
`;
