// Jest Snapshot v1, https://goo.gl/fbAQLP

exports[`ForgotPasswordPage component renders correctly 1`] = `
<div
  className="forgot_page_body"
>
  <header
    className="forgot_page_header"
  >
    <nav>
      <button
        className="back_none"
        onClick={[Function]}
        type="button"
      >
        <img
          alt=""
          src="back.png"
        />
      </button>
    </nav>
  </header>
  <main
    className="forgot_page_main"
  >
    <figure
      className="logo_fig"
    >
      <a
        href="/"
        onClick={[Function]}
      >
        <img
          alt=""
          src="logo.png"
        />
      </a>
    </figure>
    <div
      className="fadebreak_box"
    >
      <figure>
         
        <img
          alt=""
          src="fading_break.png"
        />
         
      </figure>
      <p>
        Â 
        Forgot Password
      </p>
      <figure>
         
        <img
          alt=""
          className="rotate_breakline"
          src="fading_break.png"
        />
         
      </figure>
    </div>
    <form
      action=""
      className="forgot_page_form"
    >
      <fieldset
        className="fieldset_border_none"
      >
        <input
          aria-label="Input Email"
          className="input_name"
          onChange={[Function]}
          placeholder="Email"
          required={true}
          type="email"
          value=""
        />
        <div
          className="password_box"
        >
          <input
            aria-label="Input Password"
            className="input_password"
            onChange={[Function]}
            placeholder="Password"
            required={true}
            type="password"
            value=""
          />
          <figure
            className="eyebox"
          >
            <button
              className="password_display"
              onClick={[Function]}
              type="button"
            >
              <img
                alt=""
                src="eye.png"
              />
            </button>
          </figure>
        </div>
        <div
          className="password_box"
        >
          <input
            aria-label="Input Password"
            className="input_password"
            onChange={[Function]}
            placeholder="Re-enter Password"
            required={true}
            type="password"
            value=""
          />
          <figure
            className="eyebox"
          >
            <button
              className="password_display"
              onClick={[Function]}
              type="button"
            >
              <img
                alt=""
                src="eye.png"
              />
            </button>
          </figure>
        </div>
      </fieldset>
      <fieldset
        className="fieldset_border_none forgot_page_action"
      >
        <button
          onClick={[Function]}
          type="button"
        >
          Submit
        </button>
      </fieldset>
    </form>
    <div
      className="forgot_page_main_div"
    >
      <p>
         
        <a
          className="td_none"
          href="/register"
          onClick={[Function]}
        >
           need an account? 
        </a>
         
      </p>
      <button
        type="button"
      >
        <a
          className="td_none"
          href="/login"
          onClick={[Function]}
        >
           LOGIN 
        </a>
      </button>
    </div>
  </main>
  <footer
    className="forgot_page_footer"
  >
    <ul
      className="list_style_none"
    >
      <li>
         
        <a
          className="td_none"
          href="/register"
          onClick={[Function]}
        >
           terms 
        </a>
         
      </li>
      <li>
         
        <a
          className="td_none"
          href="/register"
          onClick={[Function]}
        >
           privacy 
        </a>
         
      </li>
    </ul>
  </footer>
</div>
`;
