// Jest Snapshot v1, https://goo.gl/fbAQLP

exports[`Therapist component renders correctly 1`] = `
<div
  className="home_grids"
/>
`;
